[18:11:19] [ServerMain/INFO]: Environment: Environment[sessionHost=https://sessionserver.mojang.com, servicesHost=https://api.minecraftservices.com, name=PROD]
[18:11:19] [ServerMain/INFO]: No existing world data, creating new world
[18:11:20] [ServerMain/INFO]: Loaded 1337 recipes
[18:11:20] [ServerMain/INFO]: Loaded 1448 advancements
[18:11:20] [Server thread/INFO]: Starting minecraft server version 1.21.3
[18:11:20] [Server thread/INFO]: Loading properties
[18:11:20] [Server thread/INFO]: Default game type: SURVIVAL
[18:11:20] [Server thread/INFO]: Generating keypair
[18:11:20] [Server thread/INFO]: Starting Minecraft server on *:25565
[18:11:20] [Server thread/INFO]: Using epoll channel type
[18:11:20] [Server thread/WARN]: **** SERVER IS RUNNING IN OFFLINE/INSECURE MODE!
[18:11:20] [Server thread/WARN]: The server will make no attempt to authenticate usernames. Beware.
[18:11:20] [Server thread/WARN]: While this makes the game possible to play without internet access, it also opens up the ability for hackers to connect with any username they choose.
[18:11:20] [Server thread/WARN]: To change this, set "online-mode" to "true" in the server.properties file.
[18:11:20] [Server thread/INFO]: Preparing level "world"
[18:11:26] [Server thread/INFO]: Preparing start region for dimension minecraft:overworld
[18:11:26] [Worker-Main-1/INFO]: Preparing spawn area: 2%
[18:11:27] [Worker-Main-3/INFO]: Preparing spawn area: 2%
[18:11:27] [Worker-Main-3/INFO]: Preparing spawn area: 2%
[18:11:27] [Worker-Main-3/INFO]: Preparing spawn area: 2%
[18:11:28] [Worker-Main-1/INFO]: Preparing spawn area: 18%
[18:11:28] [Worker-Main-2/INFO]: Preparing spawn area: 18%
[18:11:29] [Worker-Main-1/INFO]: Preparing spawn area: 18%
[18:11:29] [Worker-Main-2/INFO]: Preparing spawn area: 51%
[18:11:30] [Worker-Main-1/INFO]: Preparing spawn area: 51%
[18:11:30] [Worker-Main-2/INFO]: Preparing spawn area: 51%
[18:11:30] [Server thread/INFO]: Time elapsed: 4554 ms
[18:11:30] [Server thread/INFO]: Done (9.904s)! For help, type "help"
[18:12:30] [Server thread/INFO]: Server empty for 60 seconds, pausing
